// Jest Snapshot v1, https://goo.gl/fbAQLP

exports[`Basic tests for the presence of elements renders correctly and matches snapshot 1`] = `
<DocumentFragment>
  <main
    class="bg-custom-bg bg-cover bg-center"
  >
    <div>
      <header
        class="bg-blue-200 p-4 flex justify-around"
      >
        <div
          class="text-3xl font-medium"
        >
          カタン確率計算アプリ
        </div>
        <div
          class="text-xl"
        >
          <button
            data-testid="changeDisplayModeToNumeric"
          >
            ランク表示に変更
          </button>
        </div>
      </header>
    </div>
    <div
      class="flex h-screen justify-center bg-white"
    >
      <div
        class="w-1/2 pl-8 pt-4 mr-4"
      >
        <div>
          開拓地の情報から、資源取得確率や期待値を計算できます。
        </div>
        <div
          class="grid grid-cols-5 gap-4 place-items-center mt-6 "
        >
          <button
            class="button bg-blue-500 hover:bg-blue-600 place-self-start w-4/5 h-5/6"
            data-testid="addSettlementButton"
            tabindex="1"
          >
            開拓地を追加
          </button>
          <div
            class="text-xl font-medium"
          >
            資源１
          </div>
          <div
            class="text-xl font-medium"
          >
            資源２
          </div>
          <div
            class="text-xl font-medium"
          >
            資源３
          </div>
          <button
            class="button mb-4 bg-gray-500 hover:bg-red-700 place-self-end w-4/5 mr-2"
            data-testid="resetButton"
            tabindex="1"
          >
            初期化
          </button>
        </div>
        <div>
          <div
            class="grid grid-cols-5 gap-4 mb-4 place-items-end"
          >
            <input
              class="border border-gray-300 rounded px-4 py-2 mb-2 h-1/2 w-4/5 place-self-start self-center"
              data-testid="settlementNameInput"
              placeholder="開拓地"
              tabindex="2"
              type="text"
              value="開拓地1"
            />
            <div
              class=""
            >
              <select
                class="justify-self-center w-4/5 border border-gray-300 rounded px-4 py-2 focus:border-blue-500 focus:ring focus:ring-blue-500 focus:ring-opacity-50"
                data-testid="resourceSelect"
                tabindex="1"
              >
                <option
                  value=""
                />
                <option
                  value="wood"
                >
                  木材
                </option>
                <option
                  value="bricks"
                >
                  レンガ
                </option>
                <option
                  value="wheat"
                >
                  小麦
                </option>
                <option
                  value="iron"
                >
                  鉄
                </option>
                <option
                  value="wool"
                >
                  羊毛
                </option>
              </select>
              <select
                class="w-4/5 mt-2 border border-gray-300 rounded px-4 py-2 focus:border-blue-500 focus:ring focus:ring-blue-500 focus:ring-opacity-50"
                data-testid="numberSelect"
                tabindex="1"
              >
                <option
                  value=""
                />
                <option
                  class=""
                  value="2"
                >
                  2
                </option>
                <option
                  class=""
                  value="3"
                >
                  3
                </option>
                <option
                  class=""
                  value="4"
                >
                  4
                </option>
                <option
                  class=""
                  value="5"
                >
                  5
                </option>
                <option
                  class="text-red-500"
                  value="6"
                >
                  6
                </option>
                <option
                  class="text-red-500"
                  value="8"
                >
                  8
                </option>
                <option
                  class=""
                  value="9"
                >
                  9
                </option>
                <option
                  class=""
                  value="10"
                >
                  10
                </option>
                <option
                  class=""
                  value="11"
                >
                  11
                </option>
                <option
                  class=""
                  value="12"
                >
                  12
                </option>
              </select>
            </div>
            <div
              class=""
            >
              <select
                class="justify-self-center w-4/5 border border-gray-300 rounded px-4 py-2 focus:border-blue-500 focus:ring focus:ring-blue-500 focus:ring-opacity-50"
                data-testid="resourceSelect"
                tabindex="1"
              >
                <option
                  value=""
                />
                <option
                  value="wood"
                >
                  木材
                </option>
                <option
                  value="bricks"
                >
                  レンガ
                </option>
                <option
                  value="wheat"
                >
                  小麦
                </option>
                <option
                  value="iron"
                >
                  鉄
                </option>
                <option
                  value="wool"
                >
                  羊毛
                </option>
              </select>
              <select
                class="w-4/5 mt-2 border border-gray-300 rounded px-4 py-2 focus:border-blue-500 focus:ring focus:ring-blue-500 focus:ring-opacity-50"
                data-testid="numberSelect"
                tabindex="1"
              >
                <option
                  value=""
                />
                <option
                  class=""
                  value="2"
                >
                  2
                </option>
                <option
                  class=""
                  value="3"
                >
                  3
                </option>
                <option
                  class=""
                  value="4"
                >
                  4
                </option>
                <option
                  class=""
                  value="5"
                >
                  5
                </option>
                <option
                  class="text-red-500"
                  value="6"
                >
                  6
                </option>
                <option
                  class="text-red-500"
                  value="8"
                >
                  8
                </option>
                <option
                  class=""
                  value="9"
                >
                  9
                </option>
                <option
                  class=""
                  value="10"
                >
                  10
                </option>
                <option
                  class=""
                  value="11"
                >
                  11
                </option>
                <option
                  class=""
                  value="12"
                >
                  12
                </option>
              </select>
            </div>
            <div
              class=""
            >
              <select
                class="justify-self-center w-4/5 border border-gray-300 rounded px-4 py-2 focus:border-blue-500 focus:ring focus:ring-blue-500 focus:ring-opacity-50"
                data-testid="resourceSelect"
                tabindex="1"
              >
                <option
                  value=""
                />
                <option
                  value="wood"
                >
                  木材
                </option>
                <option
                  value="bricks"
                >
                  レンガ
                </option>
                <option
                  value="wheat"
                >
                  小麦
                </option>
                <option
                  value="iron"
                >
                  鉄
                </option>
                <option
                  value="wool"
                >
                  羊毛
                </option>
              </select>
              <select
                class="w-4/5 mt-2 border border-gray-300 rounded px-4 py-2 focus:border-blue-500 focus:ring focus:ring-blue-500 focus:ring-opacity-50"
                data-testid="numberSelect"
                tabindex="1"
              >
                <option
                  value=""
                />
                <option
                  class=""
                  value="2"
                >
                  2
                </option>
                <option
                  class=""
                  value="3"
                >
                  3
                </option>
                <option
                  class=""
                  value="4"
                >
                  4
                </option>
                <option
                  class=""
                  value="5"
                >
                  5
                </option>
                <option
                  class="text-red-500"
                  value="6"
                >
                  6
                </option>
                <option
                  class="text-red-500"
                  value="8"
                >
                  8
                </option>
                <option
                  class=""
                  value="9"
                >
                  9
                </option>
                <option
                  class=""
                  value="10"
                >
                  10
                </option>
                <option
                  class=""
                  value="11"
                >
                  11
                </option>
                <option
                  class=""
                  value="12"
                >
                  12
                </option>
              </select>
            </div>
            <div
              class="flex flex-col w-full mr-2"
            >
              <button
                class="button bg-blue-500 hover:bg-blue-600"
                data-testid="upgradeButton"
                tabindex="2"
              >
                都市化
              </button>
              <button
                class="button bg-red-500 hover:bg-red-600 mt-2"
                data-testid="deleteButton"
                tabindex="2"
              >
                消
              </button>
            </div>
          </div>
          <div
            class="grid grid-cols-5 gap-4 mb-4 place-items-end"
          >
            <input
              class="border border-gray-300 rounded px-4 py-2 mb-2 h-1/2 w-4/5 place-self-start self-center"
              data-testid="settlementNameInput"
              placeholder="開拓地"
              tabindex="2"
              type="text"
              value="開拓地2"
            />
            <div
              class=""
            >
              <select
                class="justify-self-center w-4/5 border border-gray-300 rounded px-4 py-2 focus:border-blue-500 focus:ring focus:ring-blue-500 focus:ring-opacity-50"
                data-testid="resourceSelect"
                tabindex="1"
              >
                <option
                  value=""
                />
                <option
                  value="wood"
                >
                  木材
                </option>
                <option
                  value="bricks"
                >
                  レンガ
                </option>
                <option
                  value="wheat"
                >
                  小麦
                </option>
                <option
                  value="iron"
                >
                  鉄
                </option>
                <option
                  value="wool"
                >
                  羊毛
                </option>
              </select>
              <select
                class="w-4/5 mt-2 border border-gray-300 rounded px-4 py-2 focus:border-blue-500 focus:ring focus:ring-blue-500 focus:ring-opacity-50"
                data-testid="numberSelect"
                tabindex="1"
              >
                <option
                  value=""
                />
                <option
                  class=""
                  value="2"
                >
                  2
                </option>
                <option
                  class=""
                  value="3"
                >
                  3
                </option>
                <option
                  class=""
                  value="4"
                >
                  4
                </option>
                <option
                  class=""
                  value="5"
                >
                  5
                </option>
                <option
                  class="text-red-500"
                  value="6"
                >
                  6
                </option>
                <option
                  class="text-red-500"
                  value="8"
                >
                  8
                </option>
                <option
                  class=""
                  value="9"
                >
                  9
                </option>
                <option
                  class=""
                  value="10"
                >
                  10
                </option>
                <option
                  class=""
                  value="11"
                >
                  11
                </option>
                <option
                  class=""
                  value="12"
                >
                  12
                </option>
              </select>
            </div>
            <div
              class=""
            >
              <select
                class="justify-self-center w-4/5 border border-gray-300 rounded px-4 py-2 focus:border-blue-500 focus:ring focus:ring-blue-500 focus:ring-opacity-50"
                data-testid="resourceSelect"
                tabindex="1"
              >
                <option
                  value=""
                />
                <option
                  value="wood"
                >
                  木材
                </option>
                <option
                  value="bricks"
                >
                  レンガ
                </option>
                <option
                  value="wheat"
                >
                  小麦
                </option>
                <option
                  value="iron"
                >
                  鉄
                </option>
                <option
                  value="wool"
                >
                  羊毛
                </option>
              </select>
              <select
                class="w-4/5 mt-2 border border-gray-300 rounded px-4 py-2 focus:border-blue-500 focus:ring focus:ring-blue-500 focus:ring-opacity-50"
                data-testid="numberSelect"
                tabindex="1"
              >
                <option
                  value=""
                />
                <option
                  class=""
                  value="2"
                >
                  2
                </option>
                <option
                  class=""
                  value="3"
                >
                  3
                </option>
                <option
                  class=""
                  value="4"
                >
                  4
                </option>
                <option
                  class=""
                  value="5"
                >
                  5
                </option>
                <option
                  class="text-red-500"
                  value="6"
                >
                  6
                </option>
                <option
                  class="text-red-500"
                  value="8"
                >
                  8
                </option>
                <option
                  class=""
                  value="9"
                >
                  9
                </option>
                <option
                  class=""
                  value="10"
                >
                  10
                </option>
                <option
                  class=""
                  value="11"
                >
                  11
                </option>
                <option
                  class=""
                  value="12"
                >
                  12
                </option>
              </select>
            </div>
            <div
              class=""
            >
              <select
                class="justify-self-center w-4/5 border border-gray-300 rounded px-4 py-2 focus:border-blue-500 focus:ring focus:ring-blue-500 focus:ring-opacity-50"
                data-testid="resourceSelect"
                tabindex="1"
              >
                <option
                  value=""
                />
                <option
                  value="wood"
                >
                  木材
                </option>
                <option
                  value="bricks"
                >
                  レンガ
                </option>
                <option
                  value="wheat"
                >
                  小麦
                </option>
                <option
                  value="iron"
                >
                  鉄
                </option>
                <option
                  value="wool"
                >
                  羊毛
                </option>
              </select>
              <select
                class="w-4/5 mt-2 border border-gray-300 rounded px-4 py-2 focus:border-blue-500 focus:ring focus:ring-blue-500 focus:ring-opacity-50"
                data-testid="numberSelect"
                tabindex="1"
              >
                <option
                  value=""
                />
                <option
                  class=""
                  value="2"
                >
                  2
                </option>
                <option
                  class=""
                  value="3"
                >
                  3
                </option>
                <option
                  class=""
                  value="4"
                >
                  4
                </option>
                <option
                  class=""
                  value="5"
                >
                  5
                </option>
                <option
                  class="text-red-500"
                  value="6"
                >
                  6
                </option>
                <option
                  class="text-red-500"
                  value="8"
                >
                  8
                </option>
                <option
                  class=""
                  value="9"
                >
                  9
                </option>
                <option
                  class=""
                  value="10"
                >
                  10
                </option>
                <option
                  class=""
                  value="11"
                >
                  11
                </option>
                <option
                  class=""
                  value="12"
                >
                  12
                </option>
              </select>
            </div>
            <div
              class="flex flex-col w-full mr-2"
            >
              <button
                class="button bg-blue-500 hover:bg-blue-600"
                data-testid="upgradeButton"
                tabindex="2"
              >
                都市化
              </button>
              <button
                class="button bg-red-500 hover:bg-red-600 mt-2"
                data-testid="deleteButton"
                tabindex="2"
              >
                消
              </button>
            </div>
          </div>
        </div>
      </div>
      <div
        class="w-1/2 ml-4 mr-8"
      >
        <div
          class="text-2xl m-4"
        >
          <span
            class="relative inline-block cursor-pointer"
          >
            期待値
            <span
              class="opacity-0 absolute top-full left-1/2 transform -translate-x-1/2 mt-2 w-64 bg-gray-800 text-white text-center rounded py-2 transition-opacity duration-300 pointer-events-none tooltip"
            >
              2から12の36通りの数字が出たときに、何枚の資源がもらえるかを表します
              <span
                class="tooltip-arrow"
              />
            </span>
          </span>
           : 
          <span
            data-testid="expectedValue"
          >
            0
          </span>
        </div>
        <div
          class="text-2xl m-4"
        >
          <span
            class="relative inline-block cursor-pointer"
          >
            資源取得確率
            <span
              class="opacity-0 absolute top-full left-1/2 transform -translate-x-1/2 mt-2 w-64 bg-gray-800 text-white text-center rounded py-2 transition-opacity duration-300 pointer-events-none tooltip"
            >
              ダイスを振ったときに資源が１枚以上もらえる確率を表します
              <span
                class="tooltip-arrow"
              />
            </span>
          </span>
           : 
          <span
            data-testid="probability"
          >
            0 / 36
          </span>
        </div>
        <div
          class="text-2xl m-4"
        >
          <span
            class="relative inline-block cursor-pointer"
          >
            おすすめの数字
            <span
              class="opacity-0 absolute top-full left-1/2 transform -translate-x-1/2 mt-2 w-64 bg-gray-800 text-white text-center rounded py-2 transition-opacity duration-300 pointer-events-none tooltip"
            >
              おすすめの開拓地の数字の場所を表します
              <span
                class="tooltip-arrow"
              />
            </span>
          </span>
           : 
          <span
            data-testid="recommendedNumbers"
          >
            6, 8, 5
          </span>
        </div>
        <div
          class="text-2xl m-4"
        >
          <span
            class="relative inline-block cursor-pointer"
          >
            アップグレードにおすすめの開拓地
            <span
              class="opacity-0 absolute top-full left-1/2 transform -translate-x-1/2 mt-2 w-64 bg-gray-800 text-white text-center rounded py-2 transition-opacity duration-300 pointer-events-none tooltip"
            >
              資源取得量からアップグレードにおすすめの開拓地を計算します。資源取得量のみを考慮しているのでお気をつけください
              <span
                class="tooltip-arrow"
              />
            </span>
          </span>
           : 「
          <span
            data-testid="recommendedSettlementName"
          />
          」
        </div>
        <div
          class="text-2xl flex justify-center"
        >
          <canvas
            height="0"
            role="img"
            style="display: block; box-sizing: border-box; height: 0px; width: 0px;"
            width="0"
          />
        </div>
      </div>
    </div>
  </main>
</DocumentFragment>
`;
